"db_id","db_name","db_glasses"
"1","Miro cillik","yes"
